20240607 00:00:02 INFO  [main] base.BaseTest BaseTest.java149 - https://login.salesforce.com/ is entered
20240607 00:00:02 INFO  [main] base.BaseTest BaseTest.java182 - Waiting until page loads within  expectedtime period
20240607 00:00:03 INFO  [main] utility.SalesforceListenerUtility SalesforceListenerUtility.java28 - createContacts.......test execution started........
20240607 00:00:03 INFO  [main] lighteningSalesforce.LoginAccountsTestcases LoginAccountsTestcases.java51 - ..............stated login_Homepage()...............
20240607 00:00:03 INFO  [main] base.BasePage BasePage.java229 - Current URL is = https://login.salesforce.com/
20240607 00:00:11 INFO  [main] lighteningSalesforce.LoginAccountsTestcases LoginAccountsTestcases.java63 - https://login.salesforce.com/  matched with https://login.salesforce.com/
20240607 00:00:11 INFO  [main] base.BasePage BasePage.java89 - UserName  IS WAITED FOR VISIBLITY
20240607 00:00:11 INFO  [main] base.BasePage BasePage.java152 - [[ChromeDriver: chrome on MAC (14928be3f5bb6b662ecef64b25fdfc5f)] -> xpath: //*[@id='username']]Is enabled and clicked
20240607 00:00:11 INFO  [main] base.BasePage BasePage.java156 - Username textboxIs displayed  in textarea
20240607 00:00:11 INFO  [main] lighteningSalesforce.LoginAccountsTestcases LoginAccountsTestcases.java73 - User name entered successfully
20240607 00:00:11 INFO  [main] base.BasePage BasePage.java152 - [[ChromeDriver: chrome on MAC (14928be3f5bb6b662ecef64b25fdfc5f)] -> xpath: //*[@id='password']]Is enabled and clicked
20240607 00:00:11 INFO  [main] base.BasePage BasePage.java156 - password field Is displayed  in textarea
20240607 00:00:11 INFO  [main] lighteningSalesforce.LoginAccountsTestcases LoginAccountsTestcases.java76 - Password entered successfully
20240607 00:00:19 INFO  [main] base.BasePage BasePage.java89 - Login Button IS WAITED FOR VISIBLITY
20240607 00:00:26 INFO  [main] base.BasePage BasePage.java70 - Login ButtonIs enabled and clicked
20240607 00:00:28 INFO  [main] lighteningSalesforce.LoginAccountsTestcases LoginAccountsTestcases.java92 - Home | Salesforce  matched with Home | Salesforce
20240607 00:00:28 INFO  [main] lighteningSalesforce.LoginAccountsTestcases LoginAccountsTestcases.java100 - All assertions Passed
20240607 00:00:28 INFO  [main] lighteningSalesforce.LoginAccountsTestcases LoginAccountsTestcases.java102 - ..............ended Login_Homepage()...............
20240607 00:00:28 INFO  [main] base.BasePage BasePage.java403 - Waiting until page loads within  expectedtime period
20240607 00:00:37 INFO  [main] base.BasePage BasePage.java248 - Element extracted text is = Acc_a53
20240607 00:00:41 INFO  [main] base.BasePage BasePage.java70 - Contact button on Accounts page Is enabled and clicked
20240607 00:00:45 INFO  [main] base.BasePage BasePage.java152 - [[ChromeDriver: chrome on MAC (14928be3f5bb6b662ecef64b25fdfc5f)] -> xpath: //input[@name='lastName']]Is enabled and clicked
20240607 00:00:45 INFO  [main] base.BasePage BasePage.java156 - last name Is displayed  in textarea
20240607 00:00:54 INFO  [main] base.BasePage BasePage.java114 -  IS WAITED FOR VISIBLITY OF ELEMENT TO BE LOCATED
20240607 00:00:54 INFO  [main] base.BasePage BasePage.java70 - Save Action ButtonIs enabled and clicked
20240607 00:00:57 INFO  [main] base.BasePage BasePage.java70 - Clicking on Custom Alert dialogIs enabled and clicked
20240607 00:01:02 INFO  [main] base.BasePage BasePage.java125 -  IS WAITED FOR clickable
20240607 00:01:02 ERROR [main] utility.SalesforceListenerUtility SalesforceListenerUtility.java48 - createContacts.......test execution completed with failure........
20240607 00:01:03 INFO  [main] base.BaseTest BaseTest.java170 - captures the screenshot
20240607 00:01:03 INFO  [main] utility.SalesforceListenerUtility SalesforceListenerUtility.java73 - .......<test> execution completed........
20240607 00:08:00 INFO  [main] utility.SalesforceListenerUtility SalesforceListenerUtility.java65 - .......<test> execution started........
20240607 00:08:01 INFO  [main] base.BaseTest BaseTest.java47 - .........BeforeMethod  executed---------------
20240607 00:08:01 INFO  [main] base.BaseTest BaseTest.java68 - Browser instance has started
20240607 00:08:04 INFO  [main] base.BaseTest BaseTest.java149 - https://login.salesforce.com/ is entered
20240607 00:08:04 INFO  [main] base.BaseTest BaseTest.java182 - Waiting until page loads within  expectedtime period
20240607 00:08:05 INFO  [main] utility.SalesforceListenerUtility SalesforceListenerUtility.java28 - createContacts.......test execution started........
20240607 00:08:05 INFO  [main] lighteningSalesforce.LoginAccountsTestcases LoginAccountsTestcases.java51 - ..............stated login_Homepage()...............
20240607 00:08:05 INFO  [main] base.BasePage BasePage.java229 - Current URL is = https://login.salesforce.com/
20240607 00:08:13 INFO  [main] lighteningSalesforce.LoginAccountsTestcases LoginAccountsTestcases.java63 - https://login.salesforce.com/  matched with https://login.salesforce.com/
20240607 00:08:13 INFO  [main] base.BasePage BasePage.java89 - UserName  IS WAITED FOR VISIBLITY
20240607 00:08:13 INFO  [main] base.BasePage BasePage.java152 - [[ChromeDriver: chrome on MAC (00d5ae9f2bee209ac45bd8430aba5294)] -> xpath: //*[@id='username']]Is enabled and clicked
20240607 00:08:13 INFO  [main] base.BasePage BasePage.java156 - Username textboxIs displayed  in textarea
20240607 00:08:13 INFO  [main] lighteningSalesforce.LoginAccountsTestcases LoginAccountsTestcases.java73 - User name entered successfully
20240607 00:08:13 INFO  [main] base.BasePage BasePage.java152 - [[ChromeDriver: chrome on MAC (00d5ae9f2bee209ac45bd8430aba5294)] -> xpath: //*[@id='password']]Is enabled and clicked
20240607 00:08:13 INFO  [main] base.BasePage BasePage.java156 - password field Is displayed  in textarea
20240607 00:08:13 INFO  [main] lighteningSalesforce.LoginAccountsTestcases LoginAccountsTestcases.java76 - Password entered successfully
20240607 00:08:21 INFO  [main] base.BasePage BasePage.java89 - Login Button IS WAITED FOR VISIBLITY
20240607 00:08:27 INFO  [main] base.BasePage BasePage.java70 - Login ButtonIs enabled and clicked
20240607 00:08:29 INFO  [main] lighteningSalesforce.LoginAccountsTestcases LoginAccountsTestcases.java92 - Home | Salesforce  matched with Home | Salesforce
20240607 00:08:29 INFO  [main] lighteningSalesforce.LoginAccountsTestcases LoginAccountsTestcases.java100 - All assertions Passed
20240607 00:08:29 INFO  [main] lighteningSalesforce.LoginAccountsTestcases LoginAccountsTestcases.java102 - ..............ended Login_Homepage()...............
20240607 00:08:29 INFO  [main] base.BasePage BasePage.java403 - Waiting until page loads within  expectedtime period
20240607 00:08:38 INFO  [main] base.BasePage BasePage.java248 - Element extracted text is = Acc_a53
20240607 00:08:42 INFO  [main] base.BasePage BasePage.java70 - Contact button on Accounts page Is enabled and clicked
20240607 00:08:47 INFO  [main] base.BasePage BasePage.java152 - [[ChromeDriver: chrome on MAC (00d5ae9f2bee209ac45bd8430aba5294)] -> xpath: //input[@name='lastName']]Is enabled and clicked
20240607 00:08:47 INFO  [main] base.BasePage BasePage.java156 - last name Is displayed  in textarea
20240607 00:08:55 INFO  [main] base.BasePage BasePage.java114 -  IS WAITED FOR VISIBLITY OF ELEMENT TO BE LOCATED
20240607 00:08:55 INFO  [main] base.BasePage BasePage.java70 - Save Action ButtonIs enabled and clicked
20240607 00:08:58 INFO  [main] base.BasePage BasePage.java70 - Clicking on Custom Alert dialogIs enabled and clicked
20240607 00:09:03 INFO  [main] base.BasePage BasePage.java125 -  IS WAITED FOR clickable
20240607 00:09:03 ERROR [main] utility.SalesforceListenerUtility SalesforceListenerUtility.java48 - createContacts.......test execution completed with failure........
20240607 00:09:04 INFO  [main] base.BaseTest BaseTest.java170 - captures the screenshot
20240607 00:09:04 INFO  [main] utility.SalesforceListenerUtility SalesforceListenerUtility.java73 - .......<test> execution completed........
20240607 00:14:19 INFO  [main] utility.SalesforceListenerUtility SalesforceListenerUtility.java65 - .......<test> execution started........
20240607 00:14:19 INFO  [main] base.BaseTest BaseTest.java47 - .........BeforeMethod  executed---------------
20240607 00:14:20 INFO  [main] base.BaseTest BaseTest.java68 - Browser instance has started
20240607 00:14:22 INFO  [main] base.BaseTest BaseTest.java149 - https://login.salesforce.com/ is entered
20240607 00:14:22 INFO  [main] base.BaseTest BaseTest.java182 - Waiting until page loads within  expectedtime period
20240607 00:14:23 INFO  [main] utility.SalesforceListenerUtility SalesforceListenerUtility.java28 - createContacts.......test execution started........
20240607 00:14:23 INFO  [main] lighteningSalesforce.LoginAccountsTestcases LoginAccountsTestcases.java51 - ..............stated login_Homepage()...............
20240607 00:14:23 INFO  [main] base.BasePage BasePage.java229 - Current URL is = https://login.salesforce.com/
20240607 00:14:31 INFO  [main] lighteningSalesforce.LoginAccountsTestcases LoginAccountsTestcases.java63 - https://login.salesforce.com/  matched with https://login.salesforce.com/
20240607 00:14:31 INFO  [main] base.BasePage BasePage.java89 - UserName  IS WAITED FOR VISIBLITY
20240607 00:14:31 INFO  [main] base.BasePage BasePage.java152 - [[ChromeDriver: chrome on MAC (d094c7cdd54136e835ad85665891cb8c)] -> xpath: //*[@id='username']]Is enabled and clicked
20240607 00:14:31 INFO  [main] base.BasePage BasePage.java156 - Username textboxIs displayed  in textarea
20240607 00:14:31 INFO  [main] lighteningSalesforce.LoginAccountsTestcases LoginAccountsTestcases.java73 - User name entered successfully
20240607 00:14:31 INFO  [main] base.BasePage BasePage.java152 - [[ChromeDriver: chrome on MAC (d094c7cdd54136e835ad85665891cb8c)] -> xpath: //*[@id='password']]Is enabled and clicked
20240607 00:14:32 INFO  [main] base.BasePage BasePage.java156 - password field Is displayed  in textarea
20240607 00:14:32 INFO  [main] lighteningSalesforce.LoginAccountsTestcases LoginAccountsTestcases.java76 - Password entered successfully
20240607 00:14:40 INFO  [main] base.BasePage BasePage.java89 - Login Button IS WAITED FOR VISIBLITY
20240607 00:14:45 INFO  [main] base.BasePage BasePage.java70 - Login ButtonIs enabled and clicked
20240607 00:14:47 INFO  [main] lighteningSalesforce.LoginAccountsTestcases LoginAccountsTestcases.java92 - Home | Salesforce  matched with Home | Salesforce
20240607 00:14:47 INFO  [main] lighteningSalesforce.LoginAccountsTestcases LoginAccountsTestcases.java100 - All assertions Passed
20240607 00:14:47 INFO  [main] lighteningSalesforce.LoginAccountsTestcases LoginAccountsTestcases.java102 - ..............ended Login_Homepage()...............
20240607 00:14:47 INFO  [main] base.BasePage BasePage.java403 - Waiting until page loads within  expectedtime period
20240607 00:14:57 INFO  [main] base.BasePage BasePage.java248 - Element extracted text is = Acc_a53
20240607 00:15:01 INFO  [main] base.BasePage BasePage.java70 - Contact button on Accounts page Is enabled and clicked
20240607 00:15:05 INFO  [main] base.BasePage BasePage.java152 - [[ChromeDriver: chrome on MAC (d094c7cdd54136e835ad85665891cb8c)] -> xpath: //input[@name='lastName']]Is enabled and clicked
20240607 00:15:05 INFO  [main] base.BasePage BasePage.java156 - last name Is displayed  in textarea
20240607 00:15:13 INFO  [main] base.BasePage BasePage.java114 -  IS WAITED FOR VISIBLITY OF ELEMENT TO BE LOCATED
20240607 00:15:13 INFO  [main] base.BasePage BasePage.java70 - Save Action ButtonIs enabled and clicked
20240607 00:15:16 INFO  [main] base.BasePage BasePage.java70 - Clicking on Custom Alert dialogIs enabled and clicked
20240607 00:15:21 INFO  [main] base.BasePage BasePage.java125 -  IS WAITED FOR clickable
20240607 00:15:23 INFO  [main] utility.SalesforceListenerUtility SalesforceListenerUtility.java38 - createContacts.......test execution sucess........
20240607 00:15:23 INFO  [main] utility.SalesforceListenerUtility SalesforceListenerUtility.java73 - .......<test> execution completed........
